# serializer version: 1
# name: test_maturin_wheel_build_snapshot
  dict({
    'entries': list([
      'femtologging-<version>.dist-info/METADATA',
      'femtologging-<version>.dist-info/RECORD',
      'femtologging-<version>.dist-info/WHEEL',
      'femtologging-<version>.dist-info/licenses/LICENSE',
      'femtologging-<version>.dist-info/sboms/<sbom>.cyclonedx.json',
      'femtologging/__init__.py',
      'femtologging/_basic_config.py',
      'femtologging/_compat.py',
      'femtologging/_config_filters.py',
      'femtologging/_femtologging_rs.cpython-<platform>.so',
      'femtologging/_femtologging_rs.pyi',
      'femtologging/_filter_factory.py',
      'femtologging/_log_context.py',
      'femtologging/_rust_compat.py',
      'femtologging/_timed_handler_config.py',
      'femtologging/adapter.py',
      'femtologging/config.py',
      'femtologging/config_protocol.py',
      'femtologging/config_sections.py',
      'femtologging/config_socket.py',
      'femtologging/config_socket_opts.py',
      'femtologging/file_config.py',
      'femtologging/overflow_policy.py',
      'femtologging/unittests/test_overflow_policy.py',
    ]),
    'generator': '1.13.3',
    'metadata': dict({
      'classifiers': list([
        'License :: OSI Approved :: ISC License (ISCL)',
        'Operating System :: OS Independent',
        'Programming Language :: Python :: 3',
        'Programming Language :: Rust',
      ]),
      'name': 'femtologging',
      'requires_dist': list([
      ]),
      'requires_python': '>=3.12',
      'version': '0.1.0',
    }),
    'wheel': dict({
      'root_is_purelib': 'false',
      'tag': '<platform-tag>',
    }),
  })
# ---
